------------------------------------------------------------
Timing Analyzer Summary
------------------------------------------------------------

Type  : Slow 1100mV 85C Model Setup 'clk'
Slack : -0.379
TNS   : -1.844

Type  : Slow 1100mV 85C Model Hold 'clk'
Slack : 0.525
TNS   : 0.000

Type  : Slow 1100mV 85C Model Minimum Pulse Width 'clk'
Slack : -0.724
TNS   : -6.644

Type  : Slow 1100mV 0C Model Setup 'clk'
Slack : -0.357
TNS   : -1.695

Type  : Slow 1100mV 0C Model Hold 'clk'
Slack : 0.533
TNS   : 0.000

Type  : Slow 1100mV 0C Model Minimum Pulse Width 'clk'
Slack : -0.724
TNS   : -6.794

Type  : Fast 1100mV 85C Model Setup 'clk'
Slack : 0.386
TNS   : 0.000

Type  : Fast 1100mV 85C Model Hold 'clk'
Slack : 0.238
TNS   : 0.000

Type  : Fast 1100mV 85C Model Minimum Pulse Width 'clk'
Slack : -0.079
TNS   : -0.468

Type  : Fast 1100mV 0C Model Setup 'clk'
Slack : 0.431
TNS   : 0.000

Type  : Fast 1100mV 0C Model Hold 'clk'
Slack : 0.215
TNS   : 0.000

Type  : Fast 1100mV 0C Model Minimum Pulse Width 'clk'
Slack : -0.080
TNS   : -0.472

------------------------------------------------------------
