CCS PCM C Compiler, Version 5.112, 5967               22-Jul.-25 14:41

               Filename:   C:\Users\Bremdows\UNSAAC\SEMESTRE VIII\ARQUITECTURA DE MICROCONTROLADORES Y MICROPROCESADORES\arquitectura-digital\PIC\ENTRADAS DIGITALES\digitalInputs\inputDigital.lst

               ROM used:   506 words (6%)
                           Largest free fragment is 2048
               RAM used:   15 (4%) at main() level
                           27 (7%) worst case
               Stack used: 5 locations
               Stack size: 8

*
0000:  MOVLW  01
0001:  MOVWF  0A
0002:  GOTO   1B5
0003:  NOP
.................... #include <16F877A.h>
.................... //////////// Standard Header file for the PIC16F877A device ////////////////
.................... ///////////////////////////////////////////////////////////////////////////
.................... ////        (C) Copyright 1996, 2020 Custom Computer Services          ////
.................... //// This source code may only be used by licensed users of the CCS C  ////
.................... //// compiler.  This source code may only be distributed to other      ////
.................... //// licensed users of the CCS C compiler.  No other use, reproduction ////
.................... //// or distribution is permitted without written permission.          ////
.................... //// Derivative programs created using this software in object code    ////
.................... //// form are not restricted in any way.                               ////
.................... ///////////////////////////////////////////////////////////////////////////
.................... #device PIC16F877A
0004:  DATA D2,32
0005:  DATA F3,3A
0006:  DATA 6C,3A
0007:  DATA 61,32
0008:  DATA 6F,1D
0009:  DATA 20,00
000A:  DATA 0C,00
*
00B0:  MOVF   2C,W
00B1:  CLRF   78
00B2:  SUBWF  2B,W
00B3:  BTFSC  03.0
00B4:  GOTO   0B8
00B5:  MOVF   2B,W
00B6:  MOVWF  77
00B7:  GOTO   0C4
00B8:  CLRF   77
00B9:  MOVLW  08
00BA:  MOVWF  2D
00BB:  RLF    2B,F
00BC:  RLF    77,F
00BD:  MOVF   2C,W
00BE:  SUBWF  77,W
00BF:  BTFSC  03.0
00C0:  MOVWF  77
00C1:  RLF    78,F
00C2:  DECFSZ 2D,F
00C3:  GOTO   0BB
00C4:  RETURN
00C5:  MOVF   20,W
00C6:  MOVWF  04
00C7:  BCF    03.7
00C8:  BTFSC  21.0
00C9:  BSF    03.7
00CA:  MOVF   2B,W
00CB:  MOVWF  00
00CC:  INCF   04,F
00CD:  CLRF   00
00CE:  INCF   20,F
00CF:  BTFSC  03.2
00D0:  INCF   21,F
00D1:  RETURN
00D2:  MOVF   78,W
00D3:  MOVF   29,W
00D4:  MOVWF  2B
00D5:  MOVLW  64
00D6:  MOVWF  2C
00D7:  CALL   0B0
00D8:  MOVF   77,W
00D9:  MOVWF  29
00DA:  MOVF   78,W
00DB:  MOVLW  30
00DC:  BTFSS  03.2
00DD:  GOTO   0E5
00DE:  BTFSS  2A.1
00DF:  GOTO   0EC
00E0:  BTFSC  2A.3
00E1:  GOTO   0EC
00E2:  BTFSC  2A.4
00E3:  MOVLW  20
00E4:  GOTO   0E8
00E5:  BCF    2A.3
00E6:  BCF    2A.4
00E7:  BSF    2A.0
00E8:  ADDWF  78,F
00E9:  MOVF   78,W
00EA:  MOVWF  2B
00EB:  CALL   0C5
00EC:  MOVF   29,W
00ED:  MOVWF  2B
00EE:  MOVLW  0A
00EF:  MOVWF  2C
00F0:  CALL   0B0
00F1:  MOVF   77,W
00F2:  MOVWF  29
00F3:  MOVF   78,W
00F4:  MOVLW  30
00F5:  BTFSS  03.2
00F6:  GOTO   0FD
00F7:  BTFSC  2A.3
00F8:  GOTO   101
00F9:  BTFSS  2A.0
00FA:  GOTO   101
00FB:  BTFSC  2A.4
00FC:  MOVLW  20
00FD:  ADDWF  78,F
00FE:  MOVF   78,W
00FF:  MOVWF  2B
0100:  CALL   0C5
0101:  MOVLW  30
0102:  ADDWF  29,F
0103:  MOVF   29,W
0104:  MOVWF  2B
0105:  CALL   0C5
0106:  BCF    0A.3
0107:  BCF    0A.4
0108:  GOTO   1D6 (RETURN)
*
0147:  MOVF   0B,W
0148:  MOVWF  29
0149:  BCF    0B.7
014A:  BSF    03.5
014B:  BSF    03.6
014C:  BSF    0C.7
014D:  BSF    0C.0
014E:  NOP
014F:  NOP
0150:  BCF    03.5
0151:  BCF    03.6
0152:  BTFSC  29.7
0153:  BSF    0B.7
0154:  BSF    03.6
0155:  MOVF   0C,W
0156:  ANDLW  7F
0157:  BTFSC  03.2
0158:  GOTO   19B
0159:  BCF    03.6
015A:  MOVWF  29
015B:  BSF    03.6
015C:  MOVF   0D,W
015D:  BCF    03.6
015E:  MOVWF  2A
015F:  BSF    03.6
0160:  MOVF   0F,W
0161:  BCF    03.6
0162:  MOVWF  2B
0163:  MOVF   29,W
0164:  MOVWF  2C
0165:  CALL   11B
0166:  MOVF   2A,W
0167:  BSF    03.6
0168:  MOVWF  0D
0169:  BCF    03.6
016A:  MOVF   2B,W
016B:  BSF    03.6
016C:  MOVWF  0F
016D:  BCF    03.6
016E:  MOVF   0B,W
016F:  MOVWF  2C
0170:  BCF    0B.7
0171:  BSF    03.5
0172:  BSF    03.6
0173:  BSF    0C.7
0174:  BSF    0C.0
0175:  NOP
0176:  NOP
0177:  BCF    03.5
0178:  BCF    03.6
0179:  BTFSC  2C.7
017A:  BSF    0B.7
017B:  BSF    03.6
017C:  RLF    0C,W
017D:  RLF    0E,W
017E:  ANDLW  7F
017F:  BTFSC  03.2
0180:  GOTO   19B
0181:  BCF    03.6
0182:  MOVWF  29
0183:  BSF    03.6
0184:  MOVF   0D,W
0185:  BCF    03.6
0186:  MOVWF  2A
0187:  BSF    03.6
0188:  MOVF   0F,W
0189:  BCF    03.6
018A:  MOVWF  2B
018B:  MOVF   29,W
018C:  MOVWF  2C
018D:  CALL   11B
018E:  MOVF   2A,W
018F:  BSF    03.6
0190:  MOVWF  0D
0191:  BCF    03.6
0192:  MOVF   2B,W
0193:  BSF    03.6
0194:  MOVWF  0F
0195:  INCF   0D,F
0196:  BTFSC  03.2
0197:  INCF   0F,F
0198:  BCF    03.6
0199:  GOTO   147
019A:  BSF    03.6
019B:  BCF    03.6
019C:  RETURN
019D:  MOVF   00,F
019E:  BTFSC  03.2
019F:  GOTO   1B2
01A0:  CLRF   2A
01A1:  MOVF   04,W
01A2:  MOVWF  29
01A3:  BCF    2A.0
01A4:  BTFSC  03.7
01A5:  BSF    2A.0
01A6:  MOVF   00,W
01A7:  MOVWF  2C
01A8:  CALL   11B
01A9:  MOVF   29,W
01AA:  MOVWF  04
01AB:  BCF    03.7
01AC:  BTFSC  2A.0
01AD:  BSF    03.7
01AE:  INCF   04,F
01AF:  BTFSC  03.2
01B0:  INCF   05,F
01B1:  GOTO   19D
01B2:  BCF    0A.3
01B3:  BCF    0A.4
01B4:  GOTO   1EA (RETURN)
.................... 
.................... #list
.................... 
.................... #fuses hs, nowdt
.................... #use delay(clock = 4M)
*
000B:  MOVLW  2E
000C:  MOVWF  04
000D:  BCF    03.7
000E:  MOVF   00,W
000F:  BTFSC  03.2
0010:  GOTO   01F
0011:  MOVLW  01
0012:  MOVWF  78
0013:  CLRF   77
0014:  DECFSZ 77,F
0015:  GOTO   014
0016:  DECFSZ 78,F
0017:  GOTO   013
0018:  MOVLW  4A
0019:  MOVWF  77
001A:  DECFSZ 77,F
001B:  GOTO   01A
001C:  GOTO   01D
001D:  DECFSZ 00,F
001E:  GOTO   011
001F:  RETURN
.................... #include <lcd.c>
.................... ///////////////////////////////////////////////////////////////////////////////
.................... ////                             LCD.C                                     ////
.................... ////                 Driver for common LCD modules                         ////
.................... ////                                                                       ////
.................... ////  lcd_init()   Must be called before any other function.               ////
.................... ////                                                                       ////
.................... ////  lcd_putc(c)  Will display c on the next position of the LCD.         ////
.................... ////                 \a  Set cursor position to upper left                 ////
.................... ////                 \f  Clear display, set cursor to upper left           ////
.................... ////                 \n  Go to start of second line                        ////
.................... ////                 \b  Move back one position                            ////
.................... ////              If LCD_EXTENDED_NEWLINE is defined, the \n character     ////
.................... ////              will erase all remanining characters on the current      ////
.................... ////              line, and move the cursor to the beginning of the next   ////
.................... ////              line.                                                    ////
.................... ////              If LCD_EXTENDED_NEWLINE is defined, the \r character     ////
.................... ////              will move the cursor to the start of the current         ////
.................... ////              line.                                                    ////
.................... ////                                                                       ////
.................... ////  lcd_gotoxy(x,y) Set write position on LCD (upper left is 1,1)        ////
.................... ////                                                                       ////
.................... ////  lcd_getc(x,y)   Returns character at position x,y on LCD             ////
.................... ////                                                                       ////
.................... ////  lcd_cursor_on(int1 on)   Turn the cursor on (on=TRUE) or off         ////
.................... ////              (on=FALSE).                                              ////
.................... ////                                                                       ////
.................... ////  lcd_set_cgram_char(w, *p)   Write a custom character to the CGRAM.   ////
.................... ////                                                                       ////
.................... ////                                                                       ////
.................... ////  CONFIGURATION                                                        ////
.................... ////  The LCD can be configured in one of two ways: a.) port access or     ////
.................... ////  b.) pin access.  Port access requires the entire 7 bit interface     ////
.................... ////  connected to one GPIO port, and the data bits (D4:D7 of the LCD)     ////
.................... ////  connected to sequential pins on the GPIO.  Pin access                ////
.................... ////  has no requirements, all 7 bits of the control interface can         ////
.................... ////  can be connected to any GPIO using several ports.                    ////
.................... ////                                                                       ////
.................... ////  To use port access, #define LCD_DATA_PORT to the SFR location of     ////
.................... ////  of the GPIO port that holds the interface, -AND- edit LCD_PIN_MAP    ////
.................... ////  of this file to configure the pin order.  If you are using a         ////
.................... ////  baseline PIC (PCB), then LCD_OUTPUT_MAP and LCD_INPUT_MAP also must  ////
.................... ////  be defined.                                                          ////
.................... ////                                                                       ////
.................... ////  Example of port access:                                              ////
.................... ////     #define LCD_DATA_PORT getenv("SFR:PORTD")                         ////
.................... ////                                                                       ////
.................... ////  To use pin access, the following pins must be defined:               ////
.................... ////     LCD_ENABLE_PIN                                                    ////
.................... ////     LCD_RS_PIN                                                        ////
.................... ////     LCD_RW_PIN                                                        ////
.................... ////     LCD_DATA4                                                         ////
.................... ////     LCD_DATA5                                                         ////
.................... ////     LCD_DATA6                                                         ////
.................... ////     LCD_DATA7                                                         ////
.................... ////                                                                       ////
.................... ////  Example of pin access:                                               ////
.................... ////     #define LCD_ENABLE_PIN  PIN_E0                                    ////
.................... ////     #define LCD_RS_PIN      PIN_E1                                    ////
.................... ////     #define LCD_RW_PIN      PIN_E2                                    ////
.................... ////     #define LCD_DATA4       PIN_D4                                    ////
.................... ////     #define LCD_DATA5       PIN_D5                                    ////
.................... ////     #define LCD_DATA6       PIN_D6                                    ////
.................... ////     #define LCD_DATA7       PIN_D7                                    ////
.................... ////                                                                       ////
.................... ///////////////////////////////////////////////////////////////////////////////
.................... ////        (C) Copyright 1996,2010 Custom Computer Services           ////
.................... //// This source code may only be used by licensed users of the CCS C  ////
.................... //// compiler.  This source code may only be distributed to other      ////
.................... //// licensed users of the CCS C compiler.  No other use, reproduction ////
.................... //// or distribution is permitted without written permission.          ////
.................... //// Derivative programs created using this software in object code    ////
.................... //// form are not restricted in any way.                               ////
.................... ///////////////////////////////////////////////////////////////////////////
.................... 
.................... #ifndef __LCD_C__
.................... #define __LCD_C__
.................... 
.................... // define the pinout.
.................... // only required if port access is being used.
.................... typedef struct  
.................... {                            // This structure is overlayed
....................    int1 enable;           // on to an I/O port to gain
....................    int1 rs;               // access to the LCD pins.
....................    int1 rw;               // The bits are allocated from
....................    int1 unused;           // low order up.  ENABLE will
....................    unsigned int     data : 4;         // be LSB pin of that port.
....................   #if defined(__PCD__)       // The port used will be LCD_DATA_PORT.
....................    unsigned int    reserved: 8;
....................   #endif
.................... } LCD_PIN_MAP;
.................... 
.................... // this is to improve compatability with previous LCD drivers that accepted
.................... // a define labeled 'use_portb_lcd' that configured the LCD onto port B.
.................... #if ((defined(use_portb_lcd)) && (use_portb_lcd==TRUE))
....................  #define LCD_DATA_PORT getenv("SFR:PORTB")
.................... #endif
.................... 
.................... #if defined(__PCB__)
....................    // these definitions only need to be modified for baseline PICs.
....................    // all other PICs use LCD_PIN_MAP or individual LCD_xxx pin definitions.
.................... /*                                    EN, RS,   RW,   UNUSED,  DATA  */
....................  const LCD_PIN_MAP LCD_OUTPUT_MAP =  {0,  0,    0,    0,       0};
....................  const LCD_PIN_MAP LCD_INPUT_MAP =   {0,  0,    0,    0,       0xF};
.................... #endif
.................... 
.................... ////////////////////// END CONFIGURATION ///////////////////////////////////
.................... 
.................... #ifndef LCD_ENABLE_PIN
....................    #define lcd_output_enable(x) lcdlat.enable=x
....................    #define lcd_enable_tris()   lcdtris.enable=0
.................... #else
....................    #define lcd_output_enable(x) output_bit(LCD_ENABLE_PIN, x)
....................    #define lcd_enable_tris()  output_drive(LCD_ENABLE_PIN)
.................... #endif
.................... 
.................... #ifndef LCD_RS_PIN
....................    #define lcd_output_rs(x) lcdlat.rs=x
....................    #define lcd_rs_tris()   lcdtris.rs=0
.................... #else
....................    #define lcd_output_rs(x) output_bit(LCD_RS_PIN, x)
....................    #define lcd_rs_tris()  output_drive(LCD_RS_PIN)
.................... #endif
.................... 
.................... #ifndef LCD_RW_PIN
....................    #define lcd_output_rw(x) lcdlat.rw=x
....................    #define lcd_rw_tris()   lcdtris.rw=0
.................... #else
....................    #define lcd_output_rw(x) output_bit(LCD_RW_PIN, x)
....................    #define lcd_rw_tris()  output_drive(LCD_RW_PIN)
.................... #endif
.................... 
.................... // original version of this library incorrectly labeled LCD_DATA0 as LCD_DATA4,
.................... // LCD_DATA1 as LCD_DATA5, and so on.  this block of code makes the driver
.................... // compatible with any code written for the original library
.................... #if (defined(LCD_DATA0) && defined(LCD_DATA1) && defined(LCD_DATA2) && defined(LCD_DATA3) && !defined(LCD_DATA4) && !defined(LCD_DATA5) && !defined(LCD_DATA6) && !defined(LCD_DATA7))
....................    #define  LCD_DATA4    LCD_DATA0
....................    #define  LCD_DATA5    LCD_DATA1
....................    #define  LCD_DATA6    LCD_DATA2
....................    #define  LCD_DATA7    LCD_DATA3
.................... #endif
.................... 
.................... #ifndef LCD_DATA4
.................... #ifndef LCD_DATA_PORT
....................    #if defined(__PCB__)
....................       #define LCD_DATA_PORT      0x06     //portb
....................       #define set_tris_lcd(x)   set_tris_b(x)
....................    #else
....................      #if defined(PIN_D0)
....................       #define LCD_DATA_PORT      getenv("SFR:PORTD")     //portd
....................      #else
....................       #define LCD_DATA_PORT      getenv("SFR:PORTB")     //portb
....................      #endif
....................    #endif   
.................... #endif
.................... 
.................... #if defined(__PCB__)
....................    LCD_PIN_MAP lcd, lcdlat;
....................    #byte lcd = LCD_DATA_PORT
....................    #byte lcdlat = LCD_DATA_PORT
.................... #elif defined(__PCM__)
....................    LCD_PIN_MAP lcd, lcdlat, lcdtris;
....................    #byte lcd = LCD_DATA_PORT
....................    #byte lcdlat = LCD_DATA_PORT
....................    #byte lcdtris = LCD_DATA_PORT+0x80
.................... #elif defined(__PCH__)
....................    LCD_PIN_MAP lcd, lcdlat, lcdtris;
....................    #byte lcd = LCD_DATA_PORT
....................    #byte lcdlat = LCD_DATA_PORT+9
....................    #byte lcdtris = LCD_DATA_PORT+0x12
.................... #elif defined(__PCD__)
....................    LCD_PIN_MAP lcd, lcdlat, lcdtris;
....................    #word lcd = LCD_DATA_PORT
....................    #word lcdlat = LCD_DATA_PORT+2
....................    #word lcdtris = LCD_DATA_PORT-0x02
.................... #endif
.................... #endif   //LCD_DATA4 not defined
.................... 
.................... #ifndef LCD_TYPE
....................    #define LCD_TYPE 2           // 0=5x7, 1=5x10, 2=2 lines
.................... #endif
.................... 
.................... #ifndef LCD_LINE_TWO
....................    #define LCD_LINE_TWO 0x40    // LCD RAM address for the second line
.................... #endif
.................... 
.................... #ifndef LCD_LINE_LENGTH
....................    #define LCD_LINE_LENGTH 20
.................... #endif
.................... 
.................... unsigned int8 lcd_read_nibble(void);
.................... 
.................... unsigned int8 lcd_read_byte(void)
.................... {
....................    unsigned int8 low,high;
.................... 
....................  #if defined(__PCB__)
....................    set_tris_lcd(LCD_INPUT_MAP);
....................  #else
....................   #if (defined(LCD_DATA4) && defined(LCD_DATA5) && defined(LCD_DATA6) && defined(LCD_DATA7))
....................    output_float(LCD_DATA4);
....................    output_float(LCD_DATA5);
....................    output_float(LCD_DATA6);
....................    output_float(LCD_DATA7);
....................   #else
....................    lcdtris.data = 0xF;
*
0038:  MOVLW  0F
0039:  BSF    03.5
003A:  ANDWF  08,W
003B:  IORLW  F0
003C:  MOVWF  08
....................   #endif
....................  #endif
....................         
....................    lcd_output_rw(1);
003D:  BCF    03.5
003E:  BSF    08.2
....................    delay_cycles(1);
003F:  NOP
....................    lcd_output_enable(1);
0040:  BSF    08.0
....................    delay_cycles(1);
0041:  NOP
....................    high = lcd_read_nibble();
0042:  CALL   02C
0043:  MOVF   78,W
0044:  MOVWF  34
....................       
....................    lcd_output_enable(0);
0045:  BCF    08.0
....................    delay_cycles(1);
0046:  NOP
....................    lcd_output_enable(1);
0047:  BSF    08.0
....................    delay_us(1);
0048:  NOP
....................    low = lcd_read_nibble();
0049:  CALL   02C
004A:  MOVF   78,W
004B:  MOVWF  33
....................       
....................    lcd_output_enable(0);
004C:  BCF    08.0
.................... 
....................  #if defined(__PCB__)
....................    set_tris_lcd(LCD_OUTPUT_MAP);
....................  #else
....................   #if (defined(LCD_DATA4) && defined(LCD_DATA5) && defined(LCD_DATA6) && defined(LCD_DATA7))
....................    output_drive(LCD_DATA4);
....................    output_drive(LCD_DATA5);
....................    output_drive(LCD_DATA6);
....................    output_drive(LCD_DATA7);
....................   #else
....................    lcdtris.data = 0x0;
004D:  MOVLW  0F
004E:  BSF    03.5
004F:  ANDWF  08,W
0050:  MOVWF  08
....................   #endif
....................  #endif
.................... 
....................    return( (high<<4) | low);
0051:  BCF    03.5
0052:  SWAPF  34,W
0053:  MOVWF  77
0054:  MOVLW  F0
0055:  ANDWF  77,F
0056:  MOVF   77,W
0057:  IORWF  33,W
0058:  MOVWF  78
.................... }
.................... 
.................... unsigned int8 lcd_read_nibble(void)
.................... {
....................   #if (defined(LCD_DATA4) && defined(LCD_DATA5) && defined(LCD_DATA6) && defined(LCD_DATA7))
....................    unsigned int8 n = 0x00;
.................... 
....................    /* Read the data port */
....................    n |= input(LCD_DATA4);
....................    n |= input(LCD_DATA5) << 1;
....................    n |= input(LCD_DATA6) << 2;
....................    n |= input(LCD_DATA7) << 3;
....................    
....................    return(n);
....................   #else
....................    return(lcd.data);
*
002C:  MOVF   08,W
002D:  MOVWF  77
002E:  SWAPF  08,W
002F:  ANDLW  0F
0030:  MOVWF  78
....................   #endif
0031:  RETURN
.................... }
.................... 
.................... void lcd_send_nibble(unsigned int8 n)
.................... {
....................   #if (defined(LCD_DATA4) && defined(LCD_DATA5) && defined(LCD_DATA6) && defined(LCD_DATA7))
....................    /* Write to the data port */
....................    output_bit(LCD_DATA4, bit_test(n, 0));
....................    output_bit(LCD_DATA5, bit_test(n, 1));
....................    output_bit(LCD_DATA6, bit_test(n, 2));
....................    output_bit(LCD_DATA7, bit_test(n, 3));
....................   #else      
....................    lcdlat.data = n;
*
0020:  SWAPF  34,W
0021:  ANDLW  F0
0022:  MOVWF  77
0023:  MOVLW  0F
0024:  ANDWF  08,W
0025:  IORWF  77,W
0026:  MOVWF  08
....................   #endif
....................       
....................    delay_cycles(1);
0027:  NOP
....................    lcd_output_enable(1);
0028:  BSF    08.0
....................    delay_us(2);
0029:  GOTO   02A
....................    lcd_output_enable(0);
002A:  BCF    08.0
002B:  RETURN
.................... }
.................... 
.................... void lcd_send_byte(unsigned int8 address, unsigned int8 n)
.................... {
....................   #if defined(__PCB__)
....................    set_tris_lcd(LCD_OUTPUT_MAP);
....................   #else
....................    lcd_enable_tris();
*
0032:  BSF    03.5
0033:  BCF    08.0
....................    lcd_rs_tris();
0034:  BCF    08.1
....................    lcd_rw_tris();
0035:  BCF    08.2
....................   #endif
.................... 
....................    lcd_output_rs(0);
0036:  BCF    03.5
0037:  BCF    08.1
....................    while ( bit_test(lcd_read_byte(),7) ) ;
*
0059:  MOVF   78,W
005A:  MOVWF  33
005B:  BTFSC  33.7
005C:  GOTO   038
....................    lcd_output_rs(address);
005D:  BTFSS  31.0
005E:  BCF    08.1
005F:  BTFSC  31.0
0060:  BSF    08.1
....................    delay_cycles(1);
0061:  NOP
....................    lcd_output_rw(0);
0062:  BCF    08.2
....................    delay_cycles(1);
0063:  NOP
....................    lcd_output_enable(0);
0064:  BCF    08.0
....................    lcd_send_nibble(n >> 4);
0065:  SWAPF  32,W
0066:  MOVWF  33
0067:  MOVLW  0F
0068:  ANDWF  33,F
0069:  MOVF   33,W
006A:  MOVWF  34
006B:  CALL   020
....................    lcd_send_nibble(n & 0xf);
006C:  MOVF   32,W
006D:  ANDLW  0F
006E:  MOVWF  33
006F:  MOVWF  34
0070:  CALL   020
0071:  RETURN
.................... }
.................... 
.................... #if defined(LCD_EXTENDED_NEWLINE)
.................... unsigned int8 g_LcdX, g_LcdY;
.................... #endif
.................... 
.................... void lcd_init(void) 
.................... {
....................    unsigned int8 i;
....................    unsigned int8 LCD_INIT_STRING[4] = {0x20 | (LCD_TYPE << 2), 0xc, 1, 6};
0072:  MOVLW  28
0073:  MOVWF  2A
0074:  MOVLW  0C
0075:  MOVWF  2B
0076:  MOVLW  01
0077:  MOVWF  2C
0078:  MOVLW  06
0079:  MOVWF  2D
....................                              // These bytes need to be sent to the LCD
....................                              // to start it up.
....................    
.................... 
....................    lcd_output_enable(0);
007A:  BCF    08.0
....................    lcd_output_rs(0);
007B:  BCF    08.1
....................    lcd_output_rw(0);
007C:  BCF    08.2
.................... 
....................  #if defined(__PCB__)
....................    set_tris_lcd(LCD_OUTPUT_MAP);
....................  #else
....................   #if (defined(LCD_DATA4) && defined(LCD_DATA5) && defined(LCD_DATA6) && defined(LCD_DATA7))
....................    output_drive(LCD_DATA4);
....................    output_drive(LCD_DATA5);
....................    output_drive(LCD_DATA6);
....................    output_drive(LCD_DATA7);
....................   #else
....................    lcdtris.data = 0x0;
007D:  MOVLW  0F
007E:  BSF    03.5
007F:  ANDWF  08,W
0080:  MOVWF  08
....................   #endif
....................    lcd_enable_tris();
0081:  BCF    08.0
....................    lcd_rs_tris();
0082:  BCF    08.1
....................    lcd_rw_tris();
0083:  BCF    08.2
....................  #endif
....................     
....................    delay_ms(15);
0084:  MOVLW  0F
0085:  BCF    03.5
0086:  MOVWF  2E
0087:  CALL   00B
....................    for(i=1;i<=3;++i)
0088:  MOVLW  01
0089:  MOVWF  29
008A:  MOVF   29,W
008B:  SUBLW  03
008C:  BTFSS  03.0
008D:  GOTO   096
....................    {
....................        lcd_send_nibble(3);
008E:  MOVLW  03
008F:  MOVWF  34
0090:  CALL   020
....................        delay_ms(5);
0091:  MOVLW  05
0092:  MOVWF  2E
0093:  CALL   00B
0094:  INCF   29,F
0095:  GOTO   08A
....................    }
....................    
....................    lcd_send_nibble(2);
0096:  MOVLW  02
0097:  MOVWF  34
0098:  CALL   020
....................    delay_ms(5);
0099:  MOVLW  05
009A:  MOVWF  2E
009B:  CALL   00B
....................    for(i=0;i<=3;++i)
009C:  CLRF   29
009D:  MOVF   29,W
009E:  SUBLW  03
009F:  BTFSS  03.0
00A0:  GOTO   0AD
....................       lcd_send_byte(0,LCD_INIT_STRING[i]);
00A1:  MOVLW  2A
00A2:  ADDWF  29,W
00A3:  MOVWF  04
00A4:  BCF    03.7
00A5:  MOVF   00,W
00A6:  MOVWF  2E
00A7:  CLRF   31
00A8:  MOVF   2E,W
00A9:  MOVWF  32
00AA:  CALL   032
.................... 
....................   #if defined(LCD_EXTENDED_NEWLINE)
00AB:  INCF   29,F
00AC:  GOTO   09D
00AD:  BCF    0A.3
00AE:  BCF    0A.4
00AF:  GOTO   1C8 (RETURN)
....................    g_LcdX = 0;
....................    g_LcdY = 0;
....................   #endif
.................... }
.................... 
.................... void lcd_gotoxy(unsigned int8 x, unsigned int8 y)
.................... {
....................    unsigned int8 address;
....................    
....................    if(y!=1)
*
0109:  DECFSZ 2E,W
010A:  GOTO   10C
010B:  GOTO   10F
....................       address=LCD_LINE_TWO;
010C:  MOVLW  40
010D:  MOVWF  2F
010E:  GOTO   110
....................    else
....................       address=0;
010F:  CLRF   2F
....................      
....................    address+=x-1;
0110:  MOVLW  01
0111:  SUBWF  2D,W
0112:  ADDWF  2F,F
....................    lcd_send_byte(0,0x80|address);
0113:  MOVF   2F,W
0114:  IORLW  80
0115:  MOVWF  30
0116:  CLRF   31
0117:  MOVF   30,W
0118:  MOVWF  32
0119:  CALL   032
.................... 
....................   #if defined(LCD_EXTENDED_NEWLINE)
011A:  RETURN
....................    g_LcdX = x - 1;
....................    g_LcdY = y - 1;
....................   #endif
.................... }
.................... 
.................... void lcd_putc(char c)
.................... {
....................    switch (c)
011B:  MOVF   2C,W
011C:  XORLW  07
011D:  BTFSC  03.2
011E:  GOTO   129
011F:  XORLW  0B
0120:  BTFSC  03.2
0121:  GOTO   12E
0122:  XORLW  06
0123:  BTFSC  03.2
0124:  GOTO   136
0125:  XORLW  02
0126:  BTFSC  03.2
0127:  GOTO   13C
0128:  GOTO   141
....................    {
....................       case '\a'   :  lcd_gotoxy(1,1);     break;
0129:  MOVLW  01
012A:  MOVWF  2D
012B:  MOVWF  2E
012C:  CALL   109
012D:  GOTO   146
.................... 
....................       case '\f'   :  lcd_send_byte(0,1);
012E:  CLRF   31
012F:  MOVLW  01
0130:  MOVWF  32
0131:  CALL   032
....................                      delay_ms(2);
0132:  MOVLW  02
0133:  MOVWF  2E
0134:  CALL   00B
....................                     #if defined(LCD_EXTENDED_NEWLINE)
....................                      g_LcdX = 0;
....................                      g_LcdY = 0;
....................                     #endif
....................                      break;
0135:  GOTO   146
.................... 
....................      #if defined(LCD_EXTENDED_NEWLINE)
....................       case '\r'   :  lcd_gotoxy(1, g_LcdY+1);   break;
....................       case '\n'   :
....................          while (g_LcdX++ < LCD_LINE_LENGTH)
....................          {
....................             lcd_send_byte(1, ' ');
....................          }
....................          lcd_gotoxy(1, g_LcdY+2);
....................          break;
....................      #else
....................       case '\n'   : lcd_gotoxy(1,2);        break;
0136:  MOVLW  01
0137:  MOVWF  2D
0138:  MOVLW  02
0139:  MOVWF  2E
013A:  CALL   109
013B:  GOTO   146
....................      #endif
....................      
....................       case '\b'   : lcd_send_byte(0,0x10);  break;
013C:  CLRF   31
013D:  MOVLW  10
013E:  MOVWF  32
013F:  CALL   032
0140:  GOTO   146
....................      
....................      #if defined(LCD_EXTENDED_NEWLINE)
....................       default     : 
....................          if (g_LcdX < LCD_LINE_LENGTH)
....................          {
....................             lcd_send_byte(1, c);
....................             g_LcdX++;
....................          }
....................          break;
....................      #else
....................       default     : lcd_send_byte(1,c);     break;
0141:  MOVLW  01
0142:  MOVWF  31
0143:  MOVF   2C,W
0144:  MOVWF  32
0145:  CALL   032
....................      #endif
....................    }
0146:  RETURN
.................... }
....................  
.................... char lcd_getc(unsigned int8 x, unsigned int8 y)
.................... {
....................    char value;
.................... 
....................    lcd_gotoxy(x,y);
....................    while ( bit_test(lcd_read_byte(),7) ); // wait until busy flag is low
....................    lcd_output_rs(1);
....................    value = lcd_read_byte();
....................    lcd_output_rs(0);
....................    
....................    return(value);
.................... }
.................... 
.................... // write a custom character to the ram
.................... // which is 0-7 and specifies which character array we are modifying.
.................... // ptr points to an array of 8 bytes, where each byte is the next row of
.................... //    pixels.  only bits 0-4 are used.  the last row is the cursor row, and
.................... //    usually you will want to leave this byte 0x00.
.................... void lcd_set_cgram_char(unsigned int8 which, unsigned int8 *ptr)
.................... {
....................    unsigned int i;
.................... 
....................    which <<= 3;
....................    which &= 0x38;
.................... 
....................    lcd_send_byte(0, 0x40 | which);  //set cgram address
.................... 
....................    for(i=0; i<8; i++)
....................    {
....................       lcd_send_byte(1, *ptr++);
....................    }
....................   
....................    #if defined(LCD_EXTENDED_NEWLINE)
....................     lcd_gotoxy(g_LcdX+1, g_LcdY+1);  //set ddram address
....................    #endif
.................... }
.................... 
.................... void lcd_cursor_on(int1 on)
.................... {
....................    if (on)
....................    {
....................       lcd_send_byte(0,0x0F);           //turn LCD cursor ON
....................    }
....................    else
....................    {
....................       lcd_send_byte(0,0x0C);           //turn LCD cursor OFF
....................    }
.................... }
.................... 
.................... #endif
.................... 
.................... 
.................... /*
.................... # define lcd_rs_pin     pin_b0   // esto es en caso de que yo quiero especificar los pines que yo quiero utilizar
.................... # define lcd_rw_pin     pin_b1
.................... # define lcd_enable_pin pin_b2
.................... # define lcd_data4      pin_b4
.................... # define lcd_data5      pin_b5
.................... # define lcd_data6      pin_b6
.................... # define lcd_data7      pin_b7
.................... */
.................... 
.................... void main(){
*
01B5:  MOVF   03,W
01B6:  ANDLW  1F
01B7:  MOVWF  03
01B8:  CLRF   21
01B9:  CLRF   20
01BA:  BSF    03.5
01BB:  BSF    1F.0
01BC:  BSF    1F.1
01BD:  BSF    1F.2
01BE:  BCF    1F.3
01BF:  MOVLW  07
01C0:  MOVWF  1C
01C1:  BCF    03.7
.................... 
....................    set_tris_d(0); // Definir el puerto D como salida
01C2:  MOVLW  00
01C3:  MOVWF  08
....................    set_tris_b(1); // Definir el puerto B como entrada
01C4:  MOVLW  01
01C5:  MOVWF  06
....................    
....................    // Inicializar el uso del LCD
....................    lcd_init(); 
01C6:  BCF    03.5
01C7:  GOTO   072
....................    
....................    char texto[6];
....................    
....................    while(true){
....................       char numero;
....................       numero = input_b();
01C8:  MOVLW  FF
01C9:  BSF    03.5
01CA:  MOVWF  06
01CB:  BCF    03.5
01CC:  MOVF   06,W
01CD:  MOVWF  28
....................       
....................       sprintf(texto, "%u", numero);
01CE:  CLRF   21
01CF:  MOVLW  22
01D0:  MOVWF  20
01D1:  MOVF   28,W
01D2:  MOVWF  29
01D3:  MOVLW  1B
01D4:  MOVWF  2A
01D5:  GOTO   0D2
....................       
....................       // Mostrar en la 1ra fila
....................       lcd_gotoxy(1, 1);
01D6:  MOVLW  01
01D7:  MOVWF  2D
01D8:  MOVWF  2E
01D9:  CALL   109
....................       printf(lcd_putc, "Resultado: ");
01DA:  MOVLW  04
01DB:  BSF    03.6
01DC:  MOVWF  0D
01DD:  MOVLW  00
01DE:  MOVWF  0F
01DF:  BCF    03.6
01E0:  CALL   147
....................       
....................       // Mostrar en la 2da fila
....................       lcd_gotoxy(1, 2);
01E1:  MOVLW  01
01E2:  MOVWF  2D
01E3:  MOVLW  02
01E4:  MOVWF  2E
01E5:  CALL   109
....................       printf(lcd_putc, texto);
01E6:  MOVLW  22
01E7:  MOVWF  04
01E8:  BCF    03.7
01E9:  GOTO   19D
....................       
....................       // Retardo de 0.5s
....................       delay_ms(1000); 
01EA:  MOVLW  04
01EB:  MOVWF  29
01EC:  MOVLW  FA
01ED:  MOVWF  2E
01EE:  CALL   00B
01EF:  DECFSZ 29,F
01F0:  GOTO   1EC
....................       
....................       //Limpiar el LCD
....................       lcd_putc("\f");
01F1:  MOVLW  0A
01F2:  BSF    03.6
01F3:  MOVWF  0D
01F4:  MOVLW  00
01F5:  MOVWF  0F
01F6:  BCF    03.6
01F7:  CALL   147
01F8:  GOTO   1C8
....................       
....................    }
....................    
....................    return;
.................... }
01F9:  SLEEP

Configuration Fuses:
   Word  1: 3F72   HS NOWDT PUT BROWNOUT NOLVP NOCPD NOWRT NODEBUG NOPROTECT
