CCS PCM C Compiler, Version 5.112, 5967               22-Jul.-25 11:33

               Filename:   C:\Users\Bremdows\UNSAAC\SEMESTRE VIII\ARQUITECTURA DE MICROCONTROLADORES Y MICROPROCESADORES\arquitectura-digital\PIC\LCD\mensaje_LCD.lst

               ROM used:   468 words (6%)
                           Largest free fragment is 2048
               RAM used:   10 (3%) at main() level
                           22 (6%) worst case
               Stack used: 5 locations
               Stack size: 8

*
0000:  MOVLW  01
0001:  MOVWF  0A
0002:  GOTO   159
0003:  NOP
.................... #include <16f877a.h>
.................... //////////// Standard Header file for the PIC16F877A device ////////////////
.................... ///////////////////////////////////////////////////////////////////////////
.................... ////        (C) Copyright 1996, 2020 Custom Computer Services          ////
.................... //// This source code may only be used by licensed users of the CCS C  ////
.................... //// compiler.  This source code may only be distributed to other      ////
.................... //// licensed users of the CCS C compiler.  No other use, reproduction ////
.................... //// or distribution is permitted without written permission.          ////
.................... //// Derivative programs created using this software in object code    ////
.................... //// form are not restricted in any way.                               ////
.................... ///////////////////////////////////////////////////////////////////////////
.................... #device PIC16F877A
0004:  DATA A0,22
0005:  DATA CC,22
0006:  DATA 43,2A
0007:  DATA D2,27
0008:  DATA 41,26
0009:  DATA 4C,00
000A:  DATA D4,2A
000B:  DATA D4,27
000C:  DATA A0,22
000D:  DATA CC,22
000E:  DATA 43,2A
000F:  DATA D2,24
0010:  DATA 43,00
0011:  DATA 0C,00
0012:  DATA 45,26
0013:  DATA C5,21
0014:  DATA 54,29
0015:  DATA CF,20
0016:  DATA 4C,26
0017:  DATA 00,01
0018:  DATA 0C,00
0019:  DATA 45,26
001A:  DATA C5,21
001B:  DATA 54,29
001C:  DATA CF,20
001D:  DATA 4C,26
001E:  DATA 00,01
001F:  DATA 0C,00
*
0103:  MOVF   0B,W
0104:  MOVWF  24
0105:  BCF    0B.7
0106:  BSF    03.5
0107:  BSF    03.6
0108:  BSF    0C.7
0109:  BSF    0C.0
010A:  NOP
010B:  NOP
010C:  BCF    03.5
010D:  BCF    03.6
010E:  BTFSC  24.7
010F:  BSF    0B.7
0110:  BSF    03.6
0111:  MOVF   0C,W
0112:  ANDLW  7F
0113:  BTFSC  03.2
0114:  GOTO   157
0115:  BCF    03.6
0116:  MOVWF  24
0117:  BSF    03.6
0118:  MOVF   0D,W
0119:  BCF    03.6
011A:  MOVWF  25
011B:  BSF    03.6
011C:  MOVF   0F,W
011D:  BCF    03.6
011E:  MOVWF  26
011F:  MOVF   24,W
0120:  MOVWF  27
0121:  CALL   0D7
0122:  MOVF   25,W
0123:  BSF    03.6
0124:  MOVWF  0D
0125:  BCF    03.6
0126:  MOVF   26,W
0127:  BSF    03.6
0128:  MOVWF  0F
0129:  BCF    03.6
012A:  MOVF   0B,W
012B:  MOVWF  27
012C:  BCF    0B.7
012D:  BSF    03.5
012E:  BSF    03.6
012F:  BSF    0C.7
0130:  BSF    0C.0
0131:  NOP
0132:  NOP
0133:  BCF    03.5
0134:  BCF    03.6
0135:  BTFSC  27.7
0136:  BSF    0B.7
0137:  BSF    03.6
0138:  RLF    0C,W
0139:  RLF    0E,W
013A:  ANDLW  7F
013B:  BTFSC  03.2
013C:  GOTO   157
013D:  BCF    03.6
013E:  MOVWF  24
013F:  BSF    03.6
0140:  MOVF   0D,W
0141:  BCF    03.6
0142:  MOVWF  25
0143:  BSF    03.6
0144:  MOVF   0F,W
0145:  BCF    03.6
0146:  MOVWF  26
0147:  MOVF   24,W
0148:  MOVWF  27
0149:  CALL   0D7
014A:  MOVF   25,W
014B:  BSF    03.6
014C:  MOVWF  0D
014D:  BCF    03.6
014E:  MOVF   26,W
014F:  BSF    03.6
0150:  MOVWF  0F
0151:  INCF   0D,F
0152:  BTFSC  03.2
0153:  INCF   0F,F
0154:  BCF    03.6
0155:  GOTO   103
0156:  BSF    03.6
0157:  BCF    03.6
0158:  RETURN
.................... 
.................... #list
.................... 
.................... #fuses hs, nowdt
.................... # use delay (clock=4M)
*
0020:  MOVLW  29
0021:  MOVWF  04
0022:  BCF    03.7
0023:  MOVF   00,W
0024:  BTFSC  03.2
0025:  GOTO   034
0026:  MOVLW  01
0027:  MOVWF  78
0028:  CLRF   77
0029:  DECFSZ 77,F
002A:  GOTO   029
002B:  DECFSZ 78,F
002C:  GOTO   028
002D:  MOVLW  4A
002E:  MOVWF  77
002F:  DECFSZ 77,F
0030:  GOTO   02F
0031:  GOTO   032
0032:  DECFSZ 00,F
0033:  GOTO   026
0034:  RETURN
.................... /*
.................... # define lcd_rs_pin     pin_b0   // esto es en caso de que yo quiero especificar los pines que yo quiero utilizar
.................... # define lcd_rw_pin     pin_b1
.................... # define lcd_enable_pin pin_b2
.................... # define lcd_data4      pin_b4
.................... # define lcd_data5      pin_b5
.................... # define lcd_data6      pin_b6
.................... # define lcd_data7      pin_b7
.................... */
.................... # include <lcd.c>
.................... ///////////////////////////////////////////////////////////////////////////////
.................... ////                             LCD.C                                     ////
.................... ////                 Driver for common LCD modules                         ////
.................... ////                                                                       ////
.................... ////  lcd_init()   Must be called before any other function.               ////
.................... ////                                                                       ////
.................... ////  lcd_putc(c)  Will display c on the next position of the LCD.         ////
.................... ////                 \a  Set cursor position to upper left                 ////
.................... ////                 \f  Clear display, set cursor to upper left           ////
.................... ////                 \n  Go to start of second line                        ////
.................... ////                 \b  Move back one position                            ////
.................... ////              If LCD_EXTENDED_NEWLINE is defined, the \n character     ////
.................... ////              will erase all remanining characters on the current      ////
.................... ////              line, and move the cursor to the beginning of the next   ////
.................... ////              line.                                                    ////
.................... ////              If LCD_EXTENDED_NEWLINE is defined, the \r character     ////
.................... ////              will move the cursor to the start of the current         ////
.................... ////              line.                                                    ////
.................... ////                                                                       ////
.................... ////  lcd_gotoxy(x,y) Set write position on LCD (upper left is 1,1)        ////
.................... ////                                                                       ////
.................... ////  lcd_getc(x,y)   Returns character at position x,y on LCD             ////
.................... ////                                                                       ////
.................... ////  lcd_cursor_on(int1 on)   Turn the cursor on (on=TRUE) or off         ////
.................... ////              (on=FALSE).                                              ////
.................... ////                                                                       ////
.................... ////  lcd_set_cgram_char(w, *p)   Write a custom character to the CGRAM.   ////
.................... ////                                                                       ////
.................... ////                                                                       ////
.................... ////  CONFIGURATION                                                        ////
.................... ////  The LCD can be configured in one of two ways: a.) port access or     ////
.................... ////  b.) pin access.  Port access requires the entire 7 bit interface     ////
.................... ////  connected to one GPIO port, and the data bits (D4:D7 of the LCD)     ////
.................... ////  connected to sequential pins on the GPIO.  Pin access                ////
.................... ////  has no requirements, all 7 bits of the control interface can         ////
.................... ////  can be connected to any GPIO using several ports.                    ////
.................... ////                                                                       ////
.................... ////  To use port access, #define LCD_DATA_PORT to the SFR location of     ////
.................... ////  of the GPIO port that holds the interface, -AND- edit LCD_PIN_MAP    ////
.................... ////  of this file to configure the pin order.  If you are using a         ////
.................... ////  baseline PIC (PCB), then LCD_OUTPUT_MAP and LCD_INPUT_MAP also must  ////
.................... ////  be defined.                                                          ////
.................... ////                                                                       ////
.................... ////  Example of port access:                                              ////
.................... ////     #define LCD_DATA_PORT getenv("SFR:PORTD")                         ////
.................... ////                                                                       ////
.................... ////  To use pin access, the following pins must be defined:               ////
.................... ////     LCD_ENABLE_PIN                                                    ////
.................... ////     LCD_RS_PIN                                                        ////
.................... ////     LCD_RW_PIN                                                        ////
.................... ////     LCD_DATA4                                                         ////
.................... ////     LCD_DATA5                                                         ////
.................... ////     LCD_DATA6                                                         ////
.................... ////     LCD_DATA7                                                         ////
.................... ////                                                                       ////
.................... ////  Example of pin access:                                               ////
.................... ////     #define LCD_ENABLE_PIN  PIN_E0                                    ////
.................... ////     #define LCD_RS_PIN      PIN_E1                                    ////
.................... ////     #define LCD_RW_PIN      PIN_E2                                    ////
.................... ////     #define LCD_DATA4       PIN_D4                                    ////
.................... ////     #define LCD_DATA5       PIN_D5                                    ////
.................... ////     #define LCD_DATA6       PIN_D6                                    ////
.................... ////     #define LCD_DATA7       PIN_D7                                    ////
.................... ////                                                                       ////
.................... ///////////////////////////////////////////////////////////////////////////////
.................... ////        (C) Copyright 1996,2010 Custom Computer Services           ////
.................... //// This source code may only be used by licensed users of the CCS C  ////
.................... //// compiler.  This source code may only be distributed to other      ////
.................... //// licensed users of the CCS C compiler.  No other use, reproduction ////
.................... //// or distribution is permitted without written permission.          ////
.................... //// Derivative programs created using this software in object code    ////
.................... //// form are not restricted in any way.                               ////
.................... ///////////////////////////////////////////////////////////////////////////
.................... 
.................... #ifndef __LCD_C__
.................... #define __LCD_C__
.................... 
.................... // define the pinout.
.................... // only required if port access is being used.
.................... typedef struct  
.................... {                            // This structure is overlayed
....................    int1 enable;           // on to an I/O port to gain
....................    int1 rs;               // access to the LCD pins.
....................    int1 rw;               // The bits are allocated from
....................    int1 unused;           // low order up.  ENABLE will
....................    unsigned int     data : 4;         // be LSB pin of that port.
....................   #if defined(__PCD__)       // The port used will be LCD_DATA_PORT.
....................    unsigned int    reserved: 8;
....................   #endif
.................... } LCD_PIN_MAP;
.................... 
.................... // this is to improve compatability with previous LCD drivers that accepted
.................... // a define labeled 'use_portb_lcd' that configured the LCD onto port B.
.................... #if ((defined(use_portb_lcd)) && (use_portb_lcd==TRUE))
....................  #define LCD_DATA_PORT getenv("SFR:PORTB")
.................... #endif
.................... 
.................... #if defined(__PCB__)
....................    // these definitions only need to be modified for baseline PICs.
....................    // all other PICs use LCD_PIN_MAP or individual LCD_xxx pin definitions.
.................... /*                                    EN, RS,   RW,   UNUSED,  DATA  */
....................  const LCD_PIN_MAP LCD_OUTPUT_MAP =  {0,  0,    0,    0,       0};
....................  const LCD_PIN_MAP LCD_INPUT_MAP =   {0,  0,    0,    0,       0xF};
.................... #endif
.................... 
.................... ////////////////////// END CONFIGURATION ///////////////////////////////////
.................... 
.................... #ifndef LCD_ENABLE_PIN
....................    #define lcd_output_enable(x) lcdlat.enable=x
....................    #define lcd_enable_tris()   lcdtris.enable=0
.................... #else
....................    #define lcd_output_enable(x) output_bit(LCD_ENABLE_PIN, x)
....................    #define lcd_enable_tris()  output_drive(LCD_ENABLE_PIN)
.................... #endif
.................... 
.................... #ifndef LCD_RS_PIN
....................    #define lcd_output_rs(x) lcdlat.rs=x
....................    #define lcd_rs_tris()   lcdtris.rs=0
.................... #else
....................    #define lcd_output_rs(x) output_bit(LCD_RS_PIN, x)
....................    #define lcd_rs_tris()  output_drive(LCD_RS_PIN)
.................... #endif
.................... 
.................... #ifndef LCD_RW_PIN
....................    #define lcd_output_rw(x) lcdlat.rw=x
....................    #define lcd_rw_tris()   lcdtris.rw=0
.................... #else
....................    #define lcd_output_rw(x) output_bit(LCD_RW_PIN, x)
....................    #define lcd_rw_tris()  output_drive(LCD_RW_PIN)
.................... #endif
.................... 
.................... // original version of this library incorrectly labeled LCD_DATA0 as LCD_DATA4,
.................... // LCD_DATA1 as LCD_DATA5, and so on.  this block of code makes the driver
.................... // compatible with any code written for the original library
.................... #if (defined(LCD_DATA0) && defined(LCD_DATA1) && defined(LCD_DATA2) && defined(LCD_DATA3) && !defined(LCD_DATA4) && !defined(LCD_DATA5) && !defined(LCD_DATA6) && !defined(LCD_DATA7))
....................    #define  LCD_DATA4    LCD_DATA0
....................    #define  LCD_DATA5    LCD_DATA1
....................    #define  LCD_DATA6    LCD_DATA2
....................    #define  LCD_DATA7    LCD_DATA3
.................... #endif
.................... 
.................... #ifndef LCD_DATA4
.................... #ifndef LCD_DATA_PORT
....................    #if defined(__PCB__)
....................       #define LCD_DATA_PORT      0x06     //portb
....................       #define set_tris_lcd(x)   set_tris_b(x)
....................    #else
....................      #if defined(PIN_D0)
....................       #define LCD_DATA_PORT      getenv("SFR:PORTD")     //portd
....................      #else
....................       #define LCD_DATA_PORT      getenv("SFR:PORTB")     //portb
....................      #endif
....................    #endif   
.................... #endif
.................... 
.................... #if defined(__PCB__)
....................    LCD_PIN_MAP lcd, lcdlat;
....................    #byte lcd = LCD_DATA_PORT
....................    #byte lcdlat = LCD_DATA_PORT
.................... #elif defined(__PCM__)
....................    LCD_PIN_MAP lcd, lcdlat, lcdtris;
....................    #byte lcd = LCD_DATA_PORT
....................    #byte lcdlat = LCD_DATA_PORT
....................    #byte lcdtris = LCD_DATA_PORT+0x80
.................... #elif defined(__PCH__)
....................    LCD_PIN_MAP lcd, lcdlat, lcdtris;
....................    #byte lcd = LCD_DATA_PORT
....................    #byte lcdlat = LCD_DATA_PORT+9
....................    #byte lcdtris = LCD_DATA_PORT+0x12
.................... #elif defined(__PCD__)
....................    LCD_PIN_MAP lcd, lcdlat, lcdtris;
....................    #word lcd = LCD_DATA_PORT
....................    #word lcdlat = LCD_DATA_PORT+2
....................    #word lcdtris = LCD_DATA_PORT-0x02
.................... #endif
.................... #endif   //LCD_DATA4 not defined
.................... 
.................... #ifndef LCD_TYPE
....................    #define LCD_TYPE 2           // 0=5x7, 1=5x10, 2=2 lines
.................... #endif
.................... 
.................... #ifndef LCD_LINE_TWO
....................    #define LCD_LINE_TWO 0x40    // LCD RAM address for the second line
.................... #endif
.................... 
.................... #ifndef LCD_LINE_LENGTH
....................    #define LCD_LINE_LENGTH 20
.................... #endif
.................... 
.................... unsigned int8 lcd_read_nibble(void);
.................... 
.................... unsigned int8 lcd_read_byte(void)
.................... {
....................    unsigned int8 low,high;
.................... 
....................  #if defined(__PCB__)
....................    set_tris_lcd(LCD_INPUT_MAP);
....................  #else
....................   #if (defined(LCD_DATA4) && defined(LCD_DATA5) && defined(LCD_DATA6) && defined(LCD_DATA7))
....................    output_float(LCD_DATA4);
....................    output_float(LCD_DATA5);
....................    output_float(LCD_DATA6);
....................    output_float(LCD_DATA7);
....................   #else
....................    lcdtris.data = 0xF;
*
004D:  MOVLW  0F
004E:  BSF    03.5
004F:  ANDWF  08,W
0050:  IORLW  F0
0051:  MOVWF  08
....................   #endif
....................  #endif
....................         
....................    lcd_output_rw(1);
0052:  BCF    03.5
0053:  BSF    08.2
....................    delay_cycles(1);
0054:  NOP
....................    lcd_output_enable(1);
0055:  BSF    08.0
....................    delay_cycles(1);
0056:  NOP
....................    high = lcd_read_nibble();
0057:  CALL   041
0058:  MOVF   78,W
0059:  MOVWF  2F
....................       
....................    lcd_output_enable(0);
005A:  BCF    08.0
....................    delay_cycles(1);
005B:  NOP
....................    lcd_output_enable(1);
005C:  BSF    08.0
....................    delay_us(1);
005D:  NOP
....................    low = lcd_read_nibble();
005E:  CALL   041
005F:  MOVF   78,W
0060:  MOVWF  2E
....................       
....................    lcd_output_enable(0);
0061:  BCF    08.0
.................... 
....................  #if defined(__PCB__)
....................    set_tris_lcd(LCD_OUTPUT_MAP);
....................  #else
....................   #if (defined(LCD_DATA4) && defined(LCD_DATA5) && defined(LCD_DATA6) && defined(LCD_DATA7))
....................    output_drive(LCD_DATA4);
....................    output_drive(LCD_DATA5);
....................    output_drive(LCD_DATA6);
....................    output_drive(LCD_DATA7);
....................   #else
....................    lcdtris.data = 0x0;
0062:  MOVLW  0F
0063:  BSF    03.5
0064:  ANDWF  08,W
0065:  MOVWF  08
....................   #endif
....................  #endif
.................... 
....................    return( (high<<4) | low);
0066:  BCF    03.5
0067:  SWAPF  2F,W
0068:  MOVWF  77
0069:  MOVLW  F0
006A:  ANDWF  77,F
006B:  MOVF   77,W
006C:  IORWF  2E,W
006D:  MOVWF  78
.................... }
.................... 
.................... unsigned int8 lcd_read_nibble(void)
.................... {
....................   #if (defined(LCD_DATA4) && defined(LCD_DATA5) && defined(LCD_DATA6) && defined(LCD_DATA7))
....................    unsigned int8 n = 0x00;
.................... 
....................    /* Read the data port */
....................    n |= input(LCD_DATA4);
....................    n |= input(LCD_DATA5) << 1;
....................    n |= input(LCD_DATA6) << 2;
....................    n |= input(LCD_DATA7) << 3;
....................    
....................    return(n);
....................   #else
....................    return(lcd.data);
*
0041:  MOVF   08,W
0042:  MOVWF  77
0043:  SWAPF  08,W
0044:  ANDLW  0F
0045:  MOVWF  78
....................   #endif
0046:  RETURN
.................... }
.................... 
.................... void lcd_send_nibble(unsigned int8 n)
.................... {
....................   #if (defined(LCD_DATA4) && defined(LCD_DATA5) && defined(LCD_DATA6) && defined(LCD_DATA7))
....................    /* Write to the data port */
....................    output_bit(LCD_DATA4, bit_test(n, 0));
....................    output_bit(LCD_DATA5, bit_test(n, 1));
....................    output_bit(LCD_DATA6, bit_test(n, 2));
....................    output_bit(LCD_DATA7, bit_test(n, 3));
....................   #else      
....................    lcdlat.data = n;
*
0035:  SWAPF  2F,W
0036:  ANDLW  F0
0037:  MOVWF  77
0038:  MOVLW  0F
0039:  ANDWF  08,W
003A:  IORWF  77,W
003B:  MOVWF  08
....................   #endif
....................       
....................    delay_cycles(1);
003C:  NOP
....................    lcd_output_enable(1);
003D:  BSF    08.0
....................    delay_us(2);
003E:  GOTO   03F
....................    lcd_output_enable(0);
003F:  BCF    08.0
0040:  RETURN
.................... }
.................... 
.................... void lcd_send_byte(unsigned int8 address, unsigned int8 n)
.................... {
....................   #if defined(__PCB__)
....................    set_tris_lcd(LCD_OUTPUT_MAP);
....................   #else
....................    lcd_enable_tris();
*
0047:  BSF    03.5
0048:  BCF    08.0
....................    lcd_rs_tris();
0049:  BCF    08.1
....................    lcd_rw_tris();
004A:  BCF    08.2
....................   #endif
.................... 
....................    lcd_output_rs(0);
004B:  BCF    03.5
004C:  BCF    08.1
....................    while ( bit_test(lcd_read_byte(),7) ) ;
*
006E:  MOVF   78,W
006F:  MOVWF  2E
0070:  BTFSC  2E.7
0071:  GOTO   04D
....................    lcd_output_rs(address);
0072:  BTFSS  2C.0
0073:  BCF    08.1
0074:  BTFSC  2C.0
0075:  BSF    08.1
....................    delay_cycles(1);
0076:  NOP
....................    lcd_output_rw(0);
0077:  BCF    08.2
....................    delay_cycles(1);
0078:  NOP
....................    lcd_output_enable(0);
0079:  BCF    08.0
....................    lcd_send_nibble(n >> 4);
007A:  SWAPF  2D,W
007B:  MOVWF  2E
007C:  MOVLW  0F
007D:  ANDWF  2E,F
007E:  MOVF   2E,W
007F:  MOVWF  2F
0080:  CALL   035
....................    lcd_send_nibble(n & 0xf);
0081:  MOVF   2D,W
0082:  ANDLW  0F
0083:  MOVWF  2E
0084:  MOVWF  2F
0085:  CALL   035
0086:  RETURN
.................... }
.................... 
.................... #if defined(LCD_EXTENDED_NEWLINE)
.................... unsigned int8 g_LcdX, g_LcdY;
.................... #endif
.................... 
.................... void lcd_init(void) 
.................... {
....................    unsigned int8 i;
....................    unsigned int8 LCD_INIT_STRING[4] = {0x20 | (LCD_TYPE << 2), 0xc, 1, 6};
0087:  MOVLW  28
0088:  MOVWF  25
0089:  MOVLW  0C
008A:  MOVWF  26
008B:  MOVLW  01
008C:  MOVWF  27
008D:  MOVLW  06
008E:  MOVWF  28
....................                              // These bytes need to be sent to the LCD
....................                              // to start it up.
....................    
.................... 
....................    lcd_output_enable(0);
008F:  BCF    08.0
....................    lcd_output_rs(0);
0090:  BCF    08.1
....................    lcd_output_rw(0);
0091:  BCF    08.2
.................... 
....................  #if defined(__PCB__)
....................    set_tris_lcd(LCD_OUTPUT_MAP);
....................  #else
....................   #if (defined(LCD_DATA4) && defined(LCD_DATA5) && defined(LCD_DATA6) && defined(LCD_DATA7))
....................    output_drive(LCD_DATA4);
....................    output_drive(LCD_DATA5);
....................    output_drive(LCD_DATA6);
....................    output_drive(LCD_DATA7);
....................   #else
....................    lcdtris.data = 0x0;
0092:  MOVLW  0F
0093:  BSF    03.5
0094:  ANDWF  08,W
0095:  MOVWF  08
....................   #endif
....................    lcd_enable_tris();
0096:  BCF    08.0
....................    lcd_rs_tris();
0097:  BCF    08.1
....................    lcd_rw_tris();
0098:  BCF    08.2
....................  #endif
....................     
....................    delay_ms(15);
0099:  MOVLW  0F
009A:  BCF    03.5
009B:  MOVWF  29
009C:  CALL   020
....................    for(i=1;i<=3;++i)
009D:  MOVLW  01
009E:  MOVWF  24
009F:  MOVF   24,W
00A0:  SUBLW  03
00A1:  BTFSS  03.0
00A2:  GOTO   0AB
....................    {
....................        lcd_send_nibble(3);
00A3:  MOVLW  03
00A4:  MOVWF  2F
00A5:  CALL   035
....................        delay_ms(5);
00A6:  MOVLW  05
00A7:  MOVWF  29
00A8:  CALL   020
00A9:  INCF   24,F
00AA:  GOTO   09F
....................    }
....................    
....................    lcd_send_nibble(2);
00AB:  MOVLW  02
00AC:  MOVWF  2F
00AD:  CALL   035
....................    delay_ms(5);
00AE:  MOVLW  05
00AF:  MOVWF  29
00B0:  CALL   020
....................    for(i=0;i<=3;++i)
00B1:  CLRF   24
00B2:  MOVF   24,W
00B3:  SUBLW  03
00B4:  BTFSS  03.0
00B5:  GOTO   0C2
....................       lcd_send_byte(0,LCD_INIT_STRING[i]);
00B6:  MOVLW  25
00B7:  ADDWF  24,W
00B8:  MOVWF  04
00B9:  BCF    03.7
00BA:  MOVF   00,W
00BB:  MOVWF  29
00BC:  CLRF   2C
00BD:  MOVF   29,W
00BE:  MOVWF  2D
00BF:  CALL   047
.................... 
....................   #if defined(LCD_EXTENDED_NEWLINE)
00C0:  INCF   24,F
00C1:  GOTO   0B2
00C2:  BCF    0A.3
00C3:  BCF    0A.4
00C4:  GOTO   16A (RETURN)
....................    g_LcdX = 0;
....................    g_LcdY = 0;
....................   #endif
.................... }
.................... 
.................... void lcd_gotoxy(unsigned int8 x, unsigned int8 y)
.................... {
....................    unsigned int8 address;
....................    
....................    if(y!=1)
00C5:  DECFSZ 29,W
00C6:  GOTO   0C8
00C7:  GOTO   0CB
....................       address=LCD_LINE_TWO;
00C8:  MOVLW  40
00C9:  MOVWF  2A
00CA:  GOTO   0CC
....................    else
....................       address=0;
00CB:  CLRF   2A
....................      
....................    address+=x-1;
00CC:  MOVLW  01
00CD:  SUBWF  28,W
00CE:  ADDWF  2A,F
....................    lcd_send_byte(0,0x80|address);
00CF:  MOVF   2A,W
00D0:  IORLW  80
00D1:  MOVWF  2B
00D2:  CLRF   2C
00D3:  MOVF   2B,W
00D4:  MOVWF  2D
00D5:  CALL   047
.................... 
....................   #if defined(LCD_EXTENDED_NEWLINE)
00D6:  RETURN
....................    g_LcdX = x - 1;
....................    g_LcdY = y - 1;
....................   #endif
.................... }
.................... 
.................... void lcd_putc(char c)
.................... {
....................    switch (c)
00D7:  MOVF   27,W
00D8:  XORLW  07
00D9:  BTFSC  03.2
00DA:  GOTO   0E5
00DB:  XORLW  0B
00DC:  BTFSC  03.2
00DD:  GOTO   0EA
00DE:  XORLW  06
00DF:  BTFSC  03.2
00E0:  GOTO   0F2
00E1:  XORLW  02
00E2:  BTFSC  03.2
00E3:  GOTO   0F8
00E4:  GOTO   0FD
....................    {
....................       case '\a'   :  lcd_gotoxy(1,1);     break;
00E5:  MOVLW  01
00E6:  MOVWF  28
00E7:  MOVWF  29
00E8:  CALL   0C5
00E9:  GOTO   102
.................... 
....................       case '\f'   :  lcd_send_byte(0,1);
00EA:  CLRF   2C
00EB:  MOVLW  01
00EC:  MOVWF  2D
00ED:  CALL   047
....................                      delay_ms(2);
00EE:  MOVLW  02
00EF:  MOVWF  29
00F0:  CALL   020
....................                     #if defined(LCD_EXTENDED_NEWLINE)
....................                      g_LcdX = 0;
....................                      g_LcdY = 0;
....................                     #endif
....................                      break;
00F1:  GOTO   102
.................... 
....................      #if defined(LCD_EXTENDED_NEWLINE)
....................       case '\r'   :  lcd_gotoxy(1, g_LcdY+1);   break;
....................       case '\n'   :
....................          while (g_LcdX++ < LCD_LINE_LENGTH)
....................          {
....................             lcd_send_byte(1, ' ');
....................          }
....................          lcd_gotoxy(1, g_LcdY+2);
....................          break;
....................      #else
....................       case '\n'   : lcd_gotoxy(1,2);        break;
00F2:  MOVLW  01
00F3:  MOVWF  28
00F4:  MOVLW  02
00F5:  MOVWF  29
00F6:  CALL   0C5
00F7:  GOTO   102
....................      #endif
....................      
....................       case '\b'   : lcd_send_byte(0,0x10);  break;
00F8:  CLRF   2C
00F9:  MOVLW  10
00FA:  MOVWF  2D
00FB:  CALL   047
00FC:  GOTO   102
....................      
....................      #if defined(LCD_EXTENDED_NEWLINE)
....................       default     : 
....................          if (g_LcdX < LCD_LINE_LENGTH)
....................          {
....................             lcd_send_byte(1, c);
....................             g_LcdX++;
....................          }
....................          break;
....................      #else
....................       default     : lcd_send_byte(1,c);     break;
00FD:  MOVLW  01
00FE:  MOVWF  2C
00FF:  MOVF   27,W
0100:  MOVWF  2D
0101:  CALL   047
....................      #endif
....................    }
0102:  RETURN
.................... }
....................  
.................... char lcd_getc(unsigned int8 x, unsigned int8 y)
.................... {
....................    char value;
.................... 
....................    lcd_gotoxy(x,y);
....................    while ( bit_test(lcd_read_byte(),7) ); // wait until busy flag is low
....................    lcd_output_rs(1);
....................    value = lcd_read_byte();
....................    lcd_output_rs(0);
....................    
....................    return(value);
.................... }
.................... 
.................... // write a custom character to the ram
.................... // which is 0-7 and specifies which character array we are modifying.
.................... // ptr points to an array of 8 bytes, where each byte is the next row of
.................... //    pixels.  only bits 0-4 are used.  the last row is the cursor row, and
.................... //    usually you will want to leave this byte 0x00.
.................... void lcd_set_cgram_char(unsigned int8 which, unsigned int8 *ptr)
.................... {
....................    unsigned int i;
.................... 
....................    which <<= 3;
....................    which &= 0x38;
.................... 
....................    lcd_send_byte(0, 0x40 | which);  //set cgram address
.................... 
....................    for(i=0; i<8; i++)
....................    {
....................       lcd_send_byte(1, *ptr++);
....................    }
....................   
....................    #if defined(LCD_EXTENDED_NEWLINE)
....................     lcd_gotoxy(g_LcdX+1, g_LcdY+1);  //set ddram address
....................    #endif
.................... }
.................... 
.................... void lcd_cursor_on(int1 on)
.................... {
....................    if (on)
....................    {
....................       lcd_send_byte(0,0x0F);           //turn LCD cursor ON
....................    }
....................    else
....................    {
....................       lcd_send_byte(0,0x0C);           //turn LCD cursor OFF
....................    }
.................... }
.................... 
.................... #endif
.................... 
.................... void main (){
*
0159:  MOVF   03,W
015A:  ANDLW  1F
015B:  MOVWF  03
015C:  CLRF   21
015D:  CLRF   20
015E:  BSF    03.5
015F:  BSF    1F.0
0160:  BSF    1F.1
0161:  BSF    1F.2
0162:  BCF    1F.3
0163:  MOVLW  07
0164:  MOVWF  1C
0165:  BCF    03.7
.................... 
.................... set_tris_d(0); // esto es si en caso que  yo  qiero po ner solo ines D COMO saida
0166:  MOVLW  00
0167:  MOVWF  08
.................... lcd_init();
0168:  BCF    03.5
0169:  GOTO   087
.................... 
....................    while (true){
....................       lcd_gotoxy (1,1);                       //Uvicamos la palabra en la primera fila y la primera columna
016A:  MOVLW  01
016B:  MOVWF  28
016C:  MOVWF  29
016D:  CALL   0C5
....................       printf(lcd_putc, " ELECTROALL"); // manifestamos la palabra en nuestro lcd
016E:  MOVLW  04
016F:  BSF    03.6
0170:  MOVWF  0D
0171:  MOVLW  00
0172:  MOVWF  0F
0173:  BCF    03.6
0174:  CALL   103
....................       lcd_gotoxy (1,2);                       //Uvicamos la palabra en la segunda fila y la primera columna
0175:  MOVLW  01
0176:  MOVWF  28
0177:  MOVLW  02
0178:  MOVWF  29
0179:  CALL   0C5
....................       printf(lcd_putc, "TUTO ELECTRIC");
017A:  MOVLW  0A
017B:  BSF    03.6
017C:  MOVWF  0D
017D:  MOVLW  00
017E:  MOVWF  0F
017F:  BCF    03.6
0180:  CALL   103
....................       delay_ms(5000);                         // Le damos un retardo de 500 ms
0181:  MOVLW  14
0182:  MOVWF  24
0183:  MOVLW  FA
0184:  MOVWF  29
0185:  CALL   020
0186:  DECFSZ 24,F
0187:  GOTO   183
....................       lcd_putc("\f");                         // borramos la palabra para entrar a otra instruccion
0188:  MOVLW  11
0189:  BSF    03.6
018A:  MOVWF  0D
018B:  MOVLW  00
018C:  MOVWF  0F
018D:  BCF    03.6
018E:  CALL   103
....................       
....................       for (int car = 0;car<=16;car++){
018F:  CLRF   22
0190:  MOVF   22,W
0191:  SUBLW  10
0192:  BTFSS  03.0
0193:  GOTO   1B0
....................          lcd_gotoxy(car,1);
0194:  MOVF   22,W
0195:  MOVWF  28
0196:  MOVLW  01
0197:  MOVWF  29
0198:  CALL   0C5
....................          printf(lcd_putc, "ELECTROALL");
0199:  MOVLW  12
019A:  BSF    03.6
019B:  MOVWF  0D
019C:  MOVLW  00
019D:  MOVWF  0F
019E:  BCF    03.6
019F:  CALL   103
....................          delay_ms(500);
01A0:  MOVLW  02
01A1:  MOVWF  24
01A2:  MOVLW  FA
01A3:  MOVWF  29
01A4:  CALL   020
01A5:  DECFSZ 24,F
01A6:  GOTO   1A2
....................          lcd_putc("\f");
01A7:  MOVLW  18
01A8:  BSF    03.6
01A9:  MOVWF  0D
01AA:  MOVLW  00
01AB:  MOVWF  0F
01AC:  BCF    03.6
01AD:  CALL   103
01AE:  INCF   22,F
01AF:  GOTO   190
....................       }
....................       for (int car=16;car>=1;Car--){
01B0:  MOVLW  10
01B1:  MOVWF  23
01B2:  MOVF   23,W
01B3:  SUBLW  00
01B4:  BTFSC  03.0
01B5:  GOTO   1D2
....................          lcd_gotoxy(car,1);
01B6:  MOVF   23,W
01B7:  MOVWF  28
01B8:  MOVLW  01
01B9:  MOVWF  29
01BA:  CALL   0C5
....................          printf(lcd_putc, "ELECTROALL");
01BB:  MOVLW  19
01BC:  BSF    03.6
01BD:  MOVWF  0D
01BE:  MOVLW  00
01BF:  MOVWF  0F
01C0:  BCF    03.6
01C1:  CALL   103
....................          delay_ms(500);
01C2:  MOVLW  02
01C3:  MOVWF  24
01C4:  MOVLW  FA
01C5:  MOVWF  29
01C6:  CALL   020
01C7:  DECFSZ 24,F
01C8:  GOTO   1C4
....................          lcd_putc("\f");
01C9:  MOVLW  1F
01CA:  BSF    03.6
01CB:  MOVWF  0D
01CC:  MOVLW  00
01CD:  MOVWF  0F
01CE:  BCF    03.6
01CF:  CALL   103
01D0:  DECF   23,F
01D1:  GOTO   1B2
....................       }
01D2:  GOTO   16A
....................    }
.................... }
01D3:  SLEEP

Configuration Fuses:
   Word  1: 3F72   HS NOWDT PUT BROWNOUT NOLVP NOCPD NOWRT NODEBUG NOPROTECT
